
[7m[1m[36m NX [39m[22m[27m  [36mRunning target [1mbuild[22m for project shared-infrastructure and [1m2[22m tasks it depends on:[39m

[2m[36m[39m[22m

[2m> [22m[2mnx run[22m shared-model:build  [2m[local cache][22m


[2m> [22m[2mnx run[22m shared-data-access:build  [2m[local cache][22m

node.exe : (node:5768) 
[DEP0169] 
DeprecationWarning: 
`url.parse()` behavior is 
not standardized and 
prone to errors that have 
security implications. 
Use the WHATWG URL API 
instead. CVEs are not 
issued for `url.parse()` 
vulnerabilities.
En línea: 1 Carácter: 1
+ & 
"C:\stack\node/node.exe" "
C:\stack\node/node_modules
/npm/bin/npx-cl ...
+ ~~~~~~~~~~~~~~~~~~~~~~~~
~~~~~~~~~~~~~~~~~~~~~~~~~~
~~~~~~~~~~~~~~~~~~~
    + CategoryInfo        
      : NotSpecified: ((  
  node:5768) [DE...ulne   
 rabilities.:String) [    
], RemoteException
    + FullyQualifiedError 
   Id : NativeCommandErr  
  or
 
(Use `node 
--trace-deprecation ...` 
to show where the warning 
was created)

[2m> [22m[2mnx run[22m shared-infrastructure:build

Compiling TypeScript files for project "shared-infrastructure"...
[1m[31m[96m/Users/amuni
/Desktop/josanz-proyect/jo
sanz-erp/libs/shared-infra
structure/src/lib/shared-i
nfrastructure.module.ts[0
m:[93m2[0m:[93m44[0m 
- [91merror[0m[90m 
TS6059: [0mFile '/Users/a
muni/Desktop/josanz-proyec
t/josanz-erp/libs/shared/d
ata-access/src/index.ts' 
is not under 'rootDir' '/U
sers/amuni/Desktop/josanz-
proyect/josanz-erp/libs/sh
ared-infrastructure'. 
'rootDir' is expected to 
contain all source files.
[7m2[0m import { 
PrismaModule, 
OutboxModule } from '@josa
nz-erp/shared-data-access'
;
[7m [0m [91m           
                          
      ~~~~~~~~~~~~~~~~~~~~
~~~~~~~~~~~~[0m
[96m/Users/amuni/Desktop/
josanz-proyect/josanz-erp/
libs/shared/data-access/sr
c/index.ts[0m:[93m1[0m:
[93m15[0m - 
[91merror[0m[90m 
TS6059: [0mFile '/Users/a
muni/Desktop/josanz-proyec
t/josanz-erp/libs/shared/d
ata-access/src/lib/prisma/
index.ts' is not under 
'rootDir' '/Users/amuni/De
sktop/josanz-proyect/josan
z-erp/libs/shared-infrastr
ucture'. 'rootDir' is 
expected to contain all 
source files.
[7m1[0m export * from 
'./lib/prisma';
[7m [0m [91m           
   ~~~~~~~~~~~~~~[0m
[96m/Users/amuni/Desktop/
josanz-proyect/josanz-erp/
libs/shared/data-access/sr
c/index.ts[0m:[93m2[0m:
[93m15[0m - 
[91merror[0m[90m 
TS6059: [0mFile '/Users/a
muni/Desktop/josanz-proyec
t/josanz-erp/libs/shared/d
ata-access/src/lib/outbox/
index.ts' is not under 
'rootDir' '/Users/amuni/De
sktop/josanz-proyect/josan
z-erp/libs/shared-infrastr
ucture'. 'rootDir' is 
expected to contain all 
source files.
[7m2[0m export * from 
'./lib/outbox';
[7m [0m [91m           
   ~~~~~~~~~~~~~~[0m
[96m/Users/amuni/Desktop/
josanz-proyect/josanz-erp/
libs/shared/data-access/sr
c/lib/outbox/index.ts[0m:
[93m1[0m:[93m15[0m - 
[91merror[0m[90m 
TS6059: [0mFile '/Users/a
muni/Desktop/josanz-proyec
t/josanz-erp/libs/shared/d
ata-access/src/lib/outbox/
outbox.service.ts' is not 
under 'rootDir' '/Users/am
uni/Desktop/josanz-proyect
/josanz-erp/libs/shared-in
frastructure'. 'rootDir' 
is expected to contain 
all source files.
  The file is in the 
program because:
    Imported via 
'./outbox.service' from 
file '/Users/amuni/Desktop
/josanz-proyect/josanz-erp
/libs/shared/data-access/s
rc/lib/outbox/index.ts'
    Imported via 
'./outbox.service' from 
file '/Users/amuni/Desktop
/josanz-proyect/josanz-erp
/libs/shared/data-access/s
rc/lib/outbox/outbox.modul
e.ts'
[7m1[0m export * from 
'./outbox.service';
[7m [0m [91m           
   ~~~~~~~~~~~~~~~~~~[0m
  [96m/Users/amuni/Deskto
p/josanz-proyect/josanz-er
p/libs/shared/data-access/
src/lib/outbox/outbox.modu
le.ts[0m:[93m2[0m:[93m
31[0m
    [7m2[0m import { 
OutboxService } from 
'./outbox.service';
    [7m [0m [96m       
                       
~~~~~~~~~~~~~~~~~~[0m
    File is included via 
import here.
[96m/Users/amuni/Desktop/
josanz-proyect/josanz-erp/
libs/shared/data-access/sr
c/lib/outbox/index.ts[0m:
[93m2[0m:[93m15[0m - 
[91merror[0m[90m 
TS6059: [0mFile '/Users/a
muni/Desktop/josanz-proyec
t/josanz-erp/libs/shared/d
ata-access/src/lib/outbox/
outbox.module.ts' is not 
under 'rootDir' '/Users/am
uni/Desktop/josanz-proyect
/josanz-erp/libs/shared-in
frastructure'. 'rootDir' 
is expected to contain 
all source files.
[7m2[0m export * from 
'./outbox.module';
[7m [0m [91m           
   ~~~~~~~~~~~~~~~~~[0m
[96m/Users/amuni/Desktop/
josanz-proyect/josanz-erp/
libs/shared/data-access/sr
c/lib/prisma/index.ts[0m:
[93m1[0m:[93m15[0m - 
[91merror[0m[90m 
TS6059: [0mFile '/Users/a
muni/Desktop/josanz-proyec
t/josanz-erp/libs/shared/d
ata-access/src/lib/prisma/
prisma.service.ts' is not 
under 'rootDir' '/Users/am
uni/Desktop/josanz-proyect
/josanz-erp/libs/shared-in
frastructure'. 'rootDir' 
is expected to contain 
all source files.
  The file is in the 
program because:
    Imported via 
'./prisma.service' from 
file '/Users/amuni/Desktop
/josanz-proyect/josanz-erp
/libs/shared/data-access/s
rc/lib/prisma/index.ts'
    Imported via 
'./prisma.service' from 
file '/Users/amuni/Desktop
/josanz-proyect/josanz-erp
/libs/shared/data-access/s
rc/lib/prisma/prisma.modul
e.ts'
    Imported via '../prism
a/prisma.service' from 
file '/Users/amuni/Desktop
/josanz-proyect/josanz-erp
/libs/shared/data-access/s
rc/lib/outbox/outbox.servi
ce.ts'
[7m1[0m export * from 
'./prisma.service';
[7m [0m [91m           
   ~~~~~~~~~~~~~~~~~~[0m
  [96m/Users/amuni/Deskto
p/josanz-proyect/josanz-er
p/libs/shared/data-access/
src/lib/prisma/prisma.modu
le.ts[0m:[93m2[0m:[93m
31[0m
    [7m2[0m import { 
PrismaService } from 
'./prisma.service';
    [7m [0m [96m       
                       
~~~~~~~~~~~~~~~~~~[0m
    File is included via 
import here.
  [96m/Users/amuni/Deskto
p/josanz-proyect/josanz-er
p/libs/shared/data-access/
src/lib/outbox/outbox.serv
ice.ts[0m:[93m8[0m:[93
m31[0m
    [7m8[0m import { 
PrismaService } from '../p
risma/prisma.service';
    [7m [0m [96m       
                       ~~~
~~~~~~~~~~~~~~~~~~~~~~~[0
m
    File is included via 
import here.
[96m/Users/amuni/Desktop/
josanz-proyect/josanz-erp/
libs/shared/data-access/sr
c/lib/prisma/index.ts[0m:
[93m2[0m:[93m15[0m - 
[91merror[0m[90m 
TS6059: [0mFile '/Users/a
muni/Desktop/josanz-proyec
t/josanz-erp/libs/shared/d
ata-access/src/lib/prisma/
prisma.module.ts' is not 
under 'rootDir' '/Users/am
uni/Desktop/josanz-proyect
/josanz-erp/libs/shared-in
frastructure'. 'rootDir' 
is expected to contain 
all source files.
  The file is in the 
program because:
    Imported via 
'./prisma.module' from 
file '/Users/amuni/Desktop
/josanz-proyect/josanz-erp
/libs/shared/data-access/s
rc/lib/prisma/index.ts'
    Imported via 
'../prisma/prisma.module' 
from file '/Users/amuni/De
sktop/josanz-proyect/josan
z-erp/libs/shared/data-acc
ess/src/lib/outbox/outbox.
module.ts'
[7m2[0m export * from 
'./prisma.module';
[7m [0m [91m           
   ~~~~~~~~~~~~~~~~~[0m
  [96m/Users/amuni/Deskto
p/josanz-proyect/josanz-er
p/libs/shared/data-access/
src/lib/outbox/outbox.modu
le.ts[0m:[93m3[0m:[93m
30[0m
    [7m3[0m import { 
PrismaModule } from 
'../prisma/prisma.module';
    [7m [0m [96m       
                      ~~~~
~~~~~~~~~~~~~~~~~~~~~[0m
    File is included via 
import here.
[39m[22m

[2m[31m[39m[22m

[7m[1m[31m NX [39m[22m[27m  [31mRunning target [1mbuild[22m for project shared-infrastructure and [1m2[22m tasks it depends on failed[39m

[2mFailed tasks:[22m

[2m-[22m shared-infrastructure:build

[2mHint: run the command with[22m --verbose [2mfor more details.[22m


[7m[1m[33m NX [39m[22m[27m  [33mNx Cloud encountered some problems[39m

Invalid Credentials (Nx Cloud ID) A workspace could not be found with the provided Nx Cloud ID. (code: 401)

